Command line invocation:
    /Applications/Xcode.app/Contents/Developer/usr/bin/xcodebuild -project ios/wanikani.xcodeproj -target "Kakehashi Watch" -configuration Release -sdk watchos ARCHS=arm64_32 ONLY_ACTIVE_ARCH=YES CONFIGURATION_BUILD_DIR=/tmp/kakehashi-watch-audit-products/release OBJROOT=/tmp/kakehashi-watch-audit-release-objects CODE_SIGNING_ALLOWED=NO build

Build settings from command line:
    ARCHS = arm64_32
    CODE_SIGNING_ALLOWED = NO
    CONFIGURATION_BUILD_DIR = /tmp/kakehashi-watch-audit-products/release
    OBJROOT = /tmp/kakehashi-watch-audit-release-objects
    ONLY_ACTIVE_ARCH = YES
    SDKROOT = watchos26.2

ComputePackagePrebuildTargetDependencyGraph

Prepare packages

CreateBuildRequest

SendProjectDescription

CreateBuildOperation

ComputeTargetDependencyGraph
note: Building targets in dependency order
note: Target dependency graph (1 target)
    Target 'Kakehashi Watch' in project 'wanikani' (no dependencies)

GatherProvisioningInputs

CreateBuildDescription

ExecuteExternalTool /Applications/Xcode.app/Contents/Developer/Toolchains/XcodeDefault.xctoolchain/usr/bin/clang -v -E -dM -isysroot /Applications/Xcode.app/Contents/Developer/Platforms/WatchOS.platform/Developer/SDKs/WatchOS26.2.sdk -x c -c /dev/null

ExecuteExternalTool /Applications/Xcode.app/Contents/Developer/usr/bin/actool --print-asset-tag-combinations --output-format xml1 /tmp/kakehashi-watch-audit-20260909/targets/kakehashi-watch/Assets.xcassets

ExecuteExternalTool /Applications/Xcode.app/Contents/Developer/usr/bin/actool --version --output-format xml1

ExecuteExternalTool /Applications/Xcode.app/Contents/Developer/Toolchains/XcodeDefault.xctoolchain/usr/bin/swiftc --version

ExecuteExternalTool /Applications/Xcode.app/Contents/Developer/Toolchains/XcodeDefault.xctoolchain/usr/bin/ld -version_details

Build description signature: 313fd7d98ff9a95888b7f13e577ecab5
Build description path: /tmp/kakehashi-watch-audit-release-objects/XCBuildData/313fd7d98ff9a95888b7f13e577ecab5.xcbuilddata
CreateBuildDirectory /tmp/kakehashi-watch-audit-20260909/ios/build
    cd /tmp/kakehashi-watch-audit-20260909/ios/wanikani.xcodeproj
    builtin-create-build-directory /tmp/kakehashi-watch-audit-20260909/ios/build

ClangStatCache /Applications/Xcode.app/Contents/Developer/Toolchains/XcodeDefault.xctoolchain/usr/bin/clang-stat-cache /Applications/Xcode.app/Contents/Developer/Platforms/WatchOS.platform/Developer/SDKs/WatchOS26.2.sdk /var/folders/7r/rt1k66h94s50640q2ykc0vyw0000gn/C/com.apple.DeveloperTools/26.3-17C529/Xcode/SDKStatCaches.noindex/watchos26.2-23S303-1abbb35d52aede1f27e3564e4e5a82d7.sdkstatcache
    cd /tmp/kakehashi-watch-audit-20260909/ios/wanikani.xcodeproj
    /Applications/Xcode.app/Contents/Developer/Toolchains/XcodeDefault.xctoolchain/usr/bin/clang-stat-cache /Applications/Xcode.app/Contents/Developer/Platforms/WatchOS.platform/Developer/SDKs/WatchOS26.2.sdk -o /var/folders/7r/rt1k66h94s50640q2ykc0vyw0000gn/C/com.apple.DeveloperTools/26.3-17C529/Xcode/SDKStatCaches.noindex/watchos26.2-23S303-1abbb35d52aede1f27e3564e4e5a82d7.sdkstatcache

CreateBuildDirectory /tmp/kakehashi-watch-audit-release-objects
    cd /tmp/kakehashi-watch-audit-20260909/ios/wanikani.xcodeproj
    builtin-create-build-directory /tmp/kakehashi-watch-audit-release-objects

CreateBuildDirectory /tmp/kakehashi-watch-audit-products/release
    cd /tmp/kakehashi-watch-audit-20260909/ios/wanikani.xcodeproj
    builtin-create-build-directory /tmp/kakehashi-watch-audit-products/release

CreateBuildDirectory /tmp/kakehashi-watch-audit-release-objects/SwiftExplicitPrecompiledModules
    cd /tmp/kakehashi-watch-audit-20260909/ios/wanikani.xcodeproj
    builtin-create-build-directory /tmp/kakehashi-watch-audit-release-objects/SwiftExplicitPrecompiledModules

CreateBuildDirectory /tmp/kakehashi-watch-audit-release-objects/ExplicitPrecompiledModules
    cd /tmp/kakehashi-watch-audit-20260909/ios/wanikani.xcodeproj
    builtin-create-build-directory /tmp/kakehashi-watch-audit-release-objects/ExplicitPrecompiledModules

CreateBuildDirectory /tmp/kakehashi-watch-audit-release-objects/EagerLinkingTBDs/Release-watchos
    cd /tmp/kakehashi-watch-audit-20260909/ios/wanikani.xcodeproj
    builtin-create-build-directory /tmp/kakehashi-watch-audit-release-objects/EagerLinkingTBDs/Release-watchos

WriteAuxiliaryFile /tmp/kakehashi-watch-audit-release-objects/wanikani.build/Release-watchos/wanikani-3e77984687b6132172f151ff728b000c-VFS-watchos/all-product-headers.yaml
    cd /tmp/kakehashi-watch-audit-20260909/ios/wanikani.xcodeproj
    write-file /tmp/kakehashi-watch-audit-release-objects/wanikani.build/Release-watchos/wanikani-3e77984687b6132172f151ff728b000c-VFS-watchos/all-product-headers.yaml

WriteAuxiliaryFile /tmp/kakehashi-watch-audit-release-objects/wanikani.build/Release-watchos/Kakehashi\ Watch.build/Kakehashi\ Watch.DependencyStaticMetadataFileList (in target 'Kakehashi Watch' from project 'wanikani')
    cd /tmp/kakehashi-watch-audit-20260909/ios
    write-file /tmp/kakehashi-watch-audit-release-objects/wanikani.build/Release-watchos/Kakehashi\ Watch.build/Kakehashi\ Watch.DependencyStaticMetadataFileList

WriteAuxiliaryFile /tmp/kakehashi-watch-audit-release-objects/wanikani.build/Release-watchos/Kakehashi\ Watch.build/Kakehashi\ Watch.DependencyMetadataFileList (in target 'Kakehashi Watch' from project 'wanikani')
    cd /tmp/kakehashi-watch-audit-20260909/ios
    write-file /tmp/kakehashi-watch-audit-release-objects/wanikani.build/Release-watchos/Kakehashi\ Watch.build/Kakehashi\ Watch.DependencyMetadataFileList

WriteAuxiliaryFile /tmp/kakehashi-watch-audit-release-objects/wanikani.build/Release-watchos/Kakehashi\ Watch.build/Kakehashi\ Watch-project-headers.hmap (in target 'Kakehashi Watch' from project 'wanikani')
    cd /tmp/kakehashi-watch-audit-20260909/ios
    write-file /tmp/kakehashi-watch-audit-release-objects/wanikani.build/Release-watchos/Kakehashi\ Watch.build/Kakehashi\ Watch-project-headers.hmap

WriteAuxiliaryFile /tmp/kakehashi-watch-audit-release-objects/wanikani.build/Release-watchos/Kakehashi\ Watch.build/Kakehashi\ Watch-own-target-headers.hmap (in target 'Kakehashi Watch' from project 'wanikani')
    cd /tmp/kakehashi-watch-audit-20260909/ios
    write-file /tmp/kakehashi-watch-audit-release-objects/wanikani.build/Release-watchos/Kakehashi\ Watch.build/Kakehashi\ Watch-own-target-headers.hmap

WriteAuxiliaryFile /tmp/kakehashi-watch-audit-release-objects/wanikani.build/Release-watchos/Kakehashi\ Watch.build/Kakehashi\ Watch.hmap (in target 'Kakehashi Watch' from project 'wanikani')
    cd /tmp/kakehashi-watch-audit-20260909/ios
    write-file /tmp/kakehashi-watch-audit-release-objects/wanikani.build/Release-watchos/Kakehashi\ Watch.build/Kakehashi\ Watch.hmap

WriteAuxiliaryFile /tmp/kakehashi-watch-audit-release-objects/wanikani.build/Release-watchos/Kakehashi\ Watch.build/Objects-normal/arm64_32/Kakehashi\ Watch.LinkFileList (in target 'Kakehashi Watch' from project 'wanikani')
    cd /tmp/kakehashi-watch-audit-20260909/ios
    write-file /tmp/kakehashi-watch-audit-release-objects/wanikani.build/Release-watchos/Kakehashi\ Watch.build/Objects-normal/arm64_32/Kakehashi\ Watch.LinkFileList

WriteAuxiliaryFile /tmp/kakehashi-watch-audit-release-objects/wanikani.build/Release-watchos/Kakehashi\ Watch.build/Objects-normal/arm64_32/Kakehashi\ Watch-OutputFileMap.json (in target 'Kakehashi Watch' from project 'wanikani')
    cd /tmp/kakehashi-watch-audit-20260909/ios
    write-file /tmp/kakehashi-watch-audit-release-objects/wanikani.build/Release-watchos/Kakehashi\ Watch.build/Objects-normal/arm64_32/Kakehashi\ Watch-OutputFileMap.json

WriteAuxiliaryFile /tmp/kakehashi-watch-audit-release-objects/wanikani.build/Release-watchos/Kakehashi\ Watch.build/Objects-normal/arm64_32/Kakehashi\ Watch.SwiftFileList (in target 'Kakehashi Watch' from project 'wanikani')
    cd /tmp/kakehashi-watch-audit-20260909/ios
    write-file /tmp/kakehashi-watch-audit-release-objects/wanikani.build/Release-watchos/Kakehashi\ Watch.build/Objects-normal/arm64_32/Kakehashi\ Watch.SwiftFileList

WriteAuxiliaryFile /tmp/kakehashi-watch-audit-release-objects/wanikani.build/Release-watchos/Kakehashi\ Watch.build/Objects-normal/arm64_32/Kakehashi\ Watch_const_extract_protocols.json (in target 'Kakehashi Watch' from project 'wanikani')
    cd /tmp/kakehashi-watch-audit-20260909/ios
    write-file /tmp/kakehashi-watch-audit-release-objects/wanikani.build/Release-watchos/Kakehashi\ Watch.build/Objects-normal/arm64_32/Kakehashi\ Watch_const_extract_protocols.json

WriteAuxiliaryFile /tmp/kakehashi-watch-audit-release-objects/wanikani.build/Release-watchos/Kakehashi\ Watch.build/Objects-normal/arm64_32/Kakehashi\ Watch.SwiftConstValuesFileList (in target 'Kakehashi Watch' from project 'wanikani')
    cd /tmp/kakehashi-watch-audit-20260909/ios
    write-file /tmp/kakehashi-watch-audit-release-objects/wanikani.build/Release-watchos/Kakehashi\ Watch.build/Objects-normal/arm64_32/Kakehashi\ Watch.SwiftConstValuesFileList

WriteAuxiliaryFile /tmp/kakehashi-watch-audit-release-objects/wanikani.build/Release-watchos/Kakehashi\ Watch.build/Kakehashi\ Watch-generated-files.hmap (in target 'Kakehashi Watch' from project 'wanikani')
    cd /tmp/kakehashi-watch-audit-20260909/ios
    write-file /tmp/kakehashi-watch-audit-release-objects/wanikani.build/Release-watchos/Kakehashi\ Watch.build/Kakehashi\ Watch-generated-files.hmap

WriteAuxiliaryFile /tmp/kakehashi-watch-audit-release-objects/wanikani.build/Release-watchos/Kakehashi\ Watch.build/Kakehashi\ Watch-all-target-headers.hmap (in target 'Kakehashi Watch' from project 'wanikani')
    cd /tmp/kakehashi-watch-audit-20260909/ios
    write-file /tmp/kakehashi-watch-audit-release-objects/wanikani.build/Release-watchos/Kakehashi\ Watch.build/Kakehashi\ Watch-all-target-headers.hmap

MkDir /tmp/kakehashi-watch-audit-products/release/Kakehashi\ Watch.app (in target 'Kakehashi Watch' from project 'wanikani')
    cd /tmp/kakehashi-watch-audit-20260909/ios
    /bin/mkdir -p /tmp/kakehashi-watch-audit-products/release/Kakehashi\ Watch.app

WriteAuxiliaryFile /tmp/kakehashi-watch-audit-release-objects/wanikani.build/Release-watchos/Kakehashi\ Watch.build/Kakehashi\ Watch-all-non-framework-target-headers.hmap (in target 'Kakehashi Watch' from project 'wanikani')
    cd /tmp/kakehashi-watch-audit-20260909/ios
    write-file /tmp/kakehashi-watch-audit-release-objects/wanikani.build/Release-watchos/Kakehashi\ Watch.build/Kakehashi\ Watch-all-non-framework-target-headers.hmap

CpResource /tmp/kakehashi-watch-audit-products/release/Kakehashi\ Watch.app/PrivacyInfo.xcprivacy /tmp/kakehashi-watch-audit-20260909/ios/wanikani/PrivacyInfo.xcprivacy (in target 'Kakehashi Watch' from project 'wanikani')
    cd /tmp/kakehashi-watch-audit-20260909/ios
    builtin-copy -exclude .DS_Store -exclude CVS -exclude .svn -exclude .git -exclude .hg -resolve-src-symlinks /tmp/kakehashi-watch-audit-20260909/ios/wanikani/PrivacyInfo.xcprivacy /tmp/kakehashi-watch-audit-products/release/Kakehashi\ Watch.app

MkDir /tmp/kakehashi-watch-audit-release-objects/wanikani.build/Release-watchos/Kakehashi\ Watch.build/assetcatalog_output/unthinned (in target 'Kakehashi Watch' from project 'wanikani')
    cd /tmp/kakehashi-watch-audit-20260909/ios
    /bin/mkdir -p /tmp/kakehashi-watch-audit-release-objects/wanikani.build/Release-watchos/Kakehashi\ Watch.build/assetcatalog_output/unthinned

GenerateAssetSymbols /tmp/kakehashi-watch-audit-20260909/targets/kakehashi-watch/Assets.xcassets (in target 'Kakehashi Watch' from project 'wanikani')
    cd /tmp/kakehashi-watch-audit-20260909/ios
    /Applications/Xcode.app/Contents/Developer/usr/bin/actool /tmp/kakehashi-watch-audit-20260909/targets/kakehashi-watch/Assets.xcassets --compile /tmp/kakehashi-watch-audit-products/release/Kakehashi\ Watch.app --output-format human-readable-text --notices --warnings --export-dependency-info /tmp/kakehashi-watch-audit-release-objects/wanikani.build/Release-watchos/Kakehashi\ Watch.build/assetcatalog_dependencies --output-partial-info-plist /tmp/kakehashi-watch-audit-release-objects/wanikani.build/Release-watchos/Kakehashi\ Watch.build/assetcatalog_generated_info.plist --app-icon AppIcon --accent-color \$accent --compress-pngs --enable-on-demand-resources YES --development-region en --target-device watch --minimum-deployment-target 10.0 --platform watchos --bundle-identifier com.portego00.kakehashi.watch --generate-swift-asset-symbol-extensions NO --generate-swift-asset-symbols /tmp/kakehashi-watch-audit-release-objects/wanikani.build/Release-watchos/Kakehashi\ Watch.build/DerivedSources/GeneratedAssetSymbols.swift --generate-objc-asset-symbols /tmp/kakehashi-watch-audit-release-objects/wanikani.build/Release-watchos/Kakehashi\ Watch.build/DerivedSources/GeneratedAssetSymbols.h --generate-asset-symbol-index /tmp/kakehashi-watch-audit-release-objects/wanikani.build/Release-watchos/Kakehashi\ Watch.build/DerivedSources/GeneratedAssetSymbols-Index.plist
/* com.apple.actool.compilation-results */
/tmp/kakehashi-watch-audit-release-objects/wanikani.build/Release-watchos/Kakehashi Watch.build/DerivedSources/GeneratedAssetSymbols-Index.plist
/tmp/kakehashi-watch-audit-release-objects/wanikani.build/Release-watchos/Kakehashi Watch.build/DerivedSources/GeneratedAssetSymbols.h
/tmp/kakehashi-watch-audit-release-objects/wanikani.build/Release-watchos/Kakehashi Watch.build/DerivedSources/GeneratedAssetSymbols.swift


MkDir /tmp/kakehashi-watch-audit-release-objects/wanikani.build/Release-watchos/Kakehashi\ Watch.build/assetcatalog_output/thinned (in target 'Kakehashi Watch' from project 'wanikani')
    cd /tmp/kakehashi-watch-audit-20260909/ios
    /bin/mkdir -p /tmp/kakehashi-watch-audit-release-objects/wanikani.build/Release-watchos/Kakehashi\ Watch.build/assetcatalog_output/thinned

CompileAssetCatalogVariant thinned /tmp/kakehashi-watch-audit-products/release/Kakehashi\ Watch.app /tmp/kakehashi-watch-audit-20260909/targets/kakehashi-watch/Assets.xcassets (in target 'Kakehashi Watch' from project 'wanikani')
    cd /tmp/kakehashi-watch-audit-20260909/ios
    /Applications/Xcode.app/Contents/Developer/usr/bin/actool /tmp/kakehashi-watch-audit-20260909/targets/kakehashi-watch/Assets.xcassets --compile /tmp/kakehashi-watch-audit-release-objects/wanikani.build/Release-watchos/Kakehashi\ Watch.build/assetcatalog_output/thinned --output-format human-readable-text --notices --warnings --export-dependency-info /tmp/kakehashi-watch-audit-release-objects/wanikani.build/Release-watchos/Kakehashi\ Watch.build/assetcatalog_dependencies_thinned --output-partial-info-plist /tmp/kakehashi-watch-audit-release-objects/wanikani.build/Release-watchos/Kakehashi\ Watch.build/assetcatalog_generated_info.plist_thinned --app-icon AppIcon --accent-color \$accent --compress-pngs --enable-on-demand-resources YES --development-region en --target-device watch --minimum-deployment-target 10.0 --platform watchos
/* com.apple.actool.compilation-results */
/tmp/kakehashi-watch-audit-release-objects/wanikani.build/Release-watchos/Kakehashi Watch.build/assetcatalog_generated_info.plist_thinned
/tmp/kakehashi-watch-audit-release-objects/wanikani.build/Release-watchos/Kakehashi Watch.build/assetcatalog_output/thinned/Assets.car


SwiftDriver Kakehashi\ Watch normal arm64_32 com.apple.xcode.tools.swift.compiler (in target 'Kakehashi Watch' from project 'wanikani')
    cd /tmp/kakehashi-watch-audit-20260909/ios
    builtin-SwiftDriver -- /Applications/Xcode.app/Contents/Developer/Toolchains/XcodeDefault.xctoolchain/usr/bin/swiftc -module-name Kakehashi_Watch -O -whole-module-optimization -enforce-exclusivity\=checked @/tmp/kakehashi-watch-audit-release-objects/wanikani.build/Release-watchos/Kakehashi\ Watch.build/Objects-normal/arm64_32/Kakehashi\ Watch.SwiftFileList -D EXPO_CONFIGURATION_RELEASE -enable-bare-slash-regex -enable-experimental-feature DebugDescriptionMacro -sdk /Applications/Xcode.app/Contents/Developer/Platforms/WatchOS.platform/Developer/SDKs/WatchOS26.2.sdk -target arm64_32-apple-watchos10.0 -g -Xfrontend -serialize-debugging-options -swift-version 5 -I /tmp/kakehashi-watch-audit-products/release -F /tmp/kakehashi-watch-audit-products/release -emit-localized-strings -emit-localized-strings-path /tmp/kakehashi-watch-audit-release-objects/wanikani.build/Release-watchos/Kakehashi\ Watch.build/Objects-normal/arm64_32 -c -num-threads 11 -Xcc -ivfsstatcache -Xcc /var/folders/7r/rt1k66h94s50640q2ykc0vyw0000gn/C/com.apple.DeveloperTools/26.3-17C529/Xcode/SDKStatCaches.noindex/watchos26.2-23S303-1abbb35d52aede1f27e3564e4e5a82d7.sdkstatcache -output-file-map /tmp/kakehashi-watch-audit-release-objects/wanikani.build/Release-watchos/Kakehashi\ Watch.build/Objects-normal/arm64_32/Kakehashi\ Watch-OutputFileMap.json -use-frontend-parseable-output -save-temps -no-color-diagnostics -explicit-module-build -module-cache-path /tmp/kakehashi-watch-audit-release-objects/SwiftExplicitPrecompiledModules -serialize-diagnostics -emit-dependencies -emit-module -emit-module-path /tmp/kakehashi-watch-audit-release-objects/wanikani.build/Release-watchos/Kakehashi\ Watch.build/Objects-normal/arm64_32/Kakehashi_Watch.swiftmodule -validate-clang-modules-once -clang-build-session-file /var/folders/7r/rt1k66h94s50640q2ykc0vyw0000gn/C/org.llvm.clang/ModuleCache.noindex/Session.modulevalidation -Xcc -I/tmp/kakehashi-watch-audit-release-objects/wanikani.build/Release-watchos/Kakehashi\ Watch.build/swift-overrides.hmap -emit-const-values -Xfrontend -const-gather-protocols-file -Xfrontend /tmp/kakehashi-watch-audit-release-objects/wanikani.build/Release-watchos/Kakehashi\ Watch.build/Objects-normal/arm64_32/Kakehashi\ Watch_const_extract_protocols.json -Xcc -iquote -Xcc /tmp/kakehashi-watch-audit-release-objects/wanikani.build/Release-watchos/Kakehashi\ Watch.build/Kakehashi\ Watch-generated-files.hmap -Xcc -I/tmp/kakehashi-watch-audit-release-objects/wanikani.build/Release-watchos/Kakehashi\ Watch.build/Kakehashi\ Watch-own-target-headers.hmap -Xcc -I/tmp/kakehashi-watch-audit-release-objects/wanikani.build/Release-watchos/Kakehashi\ Watch.build/Kakehashi\ Watch-all-target-headers.hmap -Xcc -iquote -Xcc /tmp/kakehashi-watch-audit-release-objects/wanikani.build/Release-watchos/Kakehashi\ Watch.build/Kakehashi\ Watch-project-headers.hmap -Xcc -I/tmp/kakehashi-watch-audit-products/release/include -Xcc -I/tmp/kakehashi-watch-audit-release-objects/wanikani.build/Release-watchos/Kakehashi\ Watch.build/DerivedSources-normal/arm64_32 -Xcc -I/tmp/kakehashi-watch-audit-release-objects/wanikani.build/Release-watchos/Kakehashi\ Watch.build/DerivedSources/arm64_32 -Xcc -I/tmp/kakehashi-watch-audit-release-objects/wanikani.build/Release-watchos/Kakehashi\ Watch.build/DerivedSources -emit-objc-header -emit-objc-header-path /tmp/kakehashi-watch-audit-release-objects/wanikani.build/Release-watchos/Kakehashi\ Watch.build/Objects-normal/arm64_32/Kakehashi_Watch-Swift.h -working-directory /tmp/kakehashi-watch-audit-20260909/ios -no-emit-module-separately-wmo

SwiftDriver\ Compilation Kakehashi\ Watch normal arm64_32 com.apple.xcode.tools.swift.compiler (in target 'Kakehashi Watch' from project 'wanikani')
    cd /tmp/kakehashi-watch-audit-20260909/ios
    builtin-Swift-Compilation -- /Applications/Xcode.app/Contents/Developer/Toolchains/XcodeDefault.xctoolchain/usr/bin/swiftc -module-name Kakehashi_Watch -O -whole-module-optimization -enforce-exclusivity\=checked @/tmp/kakehashi-watch-audit-release-objects/wanikani.build/Release-watchos/Kakehashi\ Watch.build/Objects-normal/arm64_32/Kakehashi\ Watch.SwiftFileList -D EXPO_CONFIGURATION_RELEASE -enable-bare-slash-regex -enable-experimental-feature DebugDescriptionMacro -sdk /Applications/Xcode.app/Contents/Developer/Platforms/WatchOS.platform/Developer/SDKs/WatchOS26.2.sdk -target arm64_32-apple-watchos10.0 -g -Xfrontend -serialize-debugging-options -swift-version 5 -I /tmp/kakehashi-watch-audit-products/release -F /tmp/kakehashi-watch-audit-products/release -emit-localized-strings -emit-localized-strings-path /tmp/kakehashi-watch-audit-release-objects/wanikani.build/Release-watchos/Kakehashi\ Watch.build/Objects-normal/arm64_32 -c -num-threads 11 -Xcc -ivfsstatcache -Xcc /var/folders/7r/rt1k66h94s50640q2ykc0vyw0000gn/C/com.apple.DeveloperTools/26.3-17C529/Xcode/SDKStatCaches.noindex/watchos26.2-23S303-1abbb35d52aede1f27e3564e4e5a82d7.sdkstatcache -output-file-map /tmp/kakehashi-watch-audit-release-objects/wanikani.build/Release-watchos/Kakehashi\ Watch.build/Objects-normal/arm64_32/Kakehashi\ Watch-OutputFileMap.json -use-frontend-parseable-output -save-temps -no-color-diagnostics -explicit-module-build -module-cache-path /tmp/kakehashi-watch-audit-release-objects/SwiftExplicitPrecompiledModules -serialize-diagnostics -emit-dependencies -emit-module -emit-module-path /tmp/kakehashi-watch-audit-release-objects/wanikani.build/Release-watchos/Kakehashi\ Watch.build/Objects-normal/arm64_32/Kakehashi_Watch.swiftmodule -validate-clang-modules-once -clang-build-session-file /var/folders/7r/rt1k66h94s50640q2ykc0vyw0000gn/C/org.llvm.clang/ModuleCache.noindex/Session.modulevalidation -Xcc -I/tmp/kakehashi-watch-audit-release-objects/wanikani.build/Release-watchos/Kakehashi\ Watch.build/swift-overrides.hmap -emit-const-values -Xfrontend -const-gather-protocols-file -Xfrontend /tmp/kakehashi-watch-audit-release-objects/wanikani.build/Release-watchos/Kakehashi\ Watch.build/Objects-normal/arm64_32/Kakehashi\ Watch_const_extract_protocols.json -Xcc -iquote -Xcc /tmp/kakehashi-watch-audit-release-objects/wanikani.build/Release-watchos/Kakehashi\ Watch.build/Kakehashi\ Watch-generated-files.hmap -Xcc -I/tmp/kakehashi-watch-audit-release-objects/wanikani.build/Release-watchos/Kakehashi\ Watch.build/Kakehashi\ Watch-own-target-headers.hmap -Xcc -I/tmp/kakehashi-watch-audit-release-objects/wanikani.build/Release-watchos/Kakehashi\ Watch.build/Kakehashi\ Watch-all-target-headers.hmap -Xcc -iquote -Xcc /tmp/kakehashi-watch-audit-release-objects/wanikani.build/Release-watchos/Kakehashi\ Watch.build/Kakehashi\ Watch-project-headers.hmap -Xcc -I/tmp/kakehashi-watch-audit-products/release/include -Xcc -I/tmp/kakehashi-watch-audit-release-objects/wanikani.build/Release-watchos/Kakehashi\ Watch.build/DerivedSources-normal/arm64_32 -Xcc -I/tmp/kakehashi-watch-audit-release-objects/wanikani.build/Release-watchos/Kakehashi\ Watch.build/DerivedSources/arm64_32 -Xcc -I/tmp/kakehashi-watch-audit-release-objects/wanikani.build/Release-watchos/Kakehashi\ Watch.build/DerivedSources -emit-objc-header -emit-objc-header-path /tmp/kakehashi-watch-audit-release-objects/wanikani.build/Release-watchos/Kakehashi\ Watch.build/Objects-normal/arm64_32/Kakehashi_Watch-Swift.h -working-directory /tmp/kakehashi-watch-audit-20260909/ios -no-emit-module-separately-wmo

SwiftExplicitDependencyGeneratePcm arm64_32 /tmp/kakehashi-watch-audit-release-objects/SwiftExplicitPrecompiledModules/_Builtin_stdarg-6DDUKF265QQ7A3KSGWVY69AER.pcm

SwiftExplicitDependencyGeneratePcm arm64_32 /tmp/kakehashi-watch-audit-release-objects/SwiftExplicitPrecompiledModules/_Builtin_float-EG0T3ORJS4EK5A6Y62SPORYEV.pcm

SwiftExplicitDependencyGeneratePcm arm64_32 /tmp/kakehashi-watch-audit-release-objects/SwiftExplicitPrecompiledModules/ptrcheck-5S60UBC45XPNSY96ENSZFEBKD.pcm

SwiftExplicitDependencyGeneratePcm arm64_32 /tmp/kakehashi-watch-audit-release-objects/SwiftExplicitPrecompiledModules/_Builtin_stddef-2I2PBUX2XZZZZWOZ0PHFWY17I.pcm

SwiftExplicitDependencyGeneratePcm arm64_32 /tmp/kakehashi-watch-audit-release-objects/SwiftExplicitPrecompiledModules/ptrauth-4K522UKIVF7TG7BM37OJW16SY.pcm

SwiftExplicitDependencyGeneratePcm arm64_32 /tmp/kakehashi-watch-audit-release-objects/SwiftExplicitPrecompiledModules/_Builtin_stdbool-YDYZLK8FU8H55MTP5DNT4049.pcm

SwiftExplicitDependencyGeneratePcm arm64_32 /tmp/kakehashi-watch-audit-release-objects/SwiftExplicitPrecompiledModules/SwiftShims-256WWKSP7KD4GRLI57HND2TXM.pcm

SwiftExplicitDependencyGeneratePcm arm64_32 /tmp/kakehashi-watch-audit-release-objects/SwiftExplicitPrecompiledModules/DeveloperToolsSupport-Q2AMCNJOGEL577WY1COT6ZPH.pcm

SwiftExplicitDependencyGeneratePcm arm64_32 /tmp/kakehashi-watch-audit-release-objects/SwiftExplicitPrecompiledModules/_AvailabilityInternal-7WWO4OSO5FXBKDJAIDWQ6R9YY.pcm

SwiftExplicitDependencyGeneratePcm arm64_32 /tmp/kakehashi-watch-audit-release-objects/SwiftExplicitPrecompiledModules/_SwiftConcurrencyShims-U1O6C06KGWU96U048SUOCDW1.pcm

SwiftExplicitDependencyGeneratePcm arm64_32 /tmp/kakehashi-watch-audit-release-objects/SwiftExplicitPrecompiledModules/_DarwinFoundation1-99KNB4VMF4TMBCQVUE46YHYEH.pcm

SwiftExplicitDependencyGeneratePcm arm64_32 /tmp/kakehashi-watch-audit-release-objects/SwiftExplicitPrecompiledModules/_DarwinFoundation2-AD86WTFMZJZSXZ7OOJYH0BWDR.pcm

SwiftExplicitDependencyGeneratePcm arm64_32 /tmp/kakehashi-watch-audit-release-objects/SwiftExplicitPrecompiledModules/_Builtin_limits-BQURFT9JYJ0FBO4CMYMLD3XX8.pcm

SwiftExplicitDependencyGeneratePcm arm64_32 /tmp/kakehashi-watch-audit-release-objects/SwiftExplicitPrecompiledModules/_Builtin_tgmath-9NLPOYDWTOLPD3RIL2V4A72MA.pcm

SwiftExplicitDependencyGeneratePcm arm64_32 /tmp/kakehashi-watch-audit-release-objects/SwiftExplicitPrecompiledModules/_Builtin_stdint-D28ME83V8FPTXOOT7ZNESA7CV.pcm

SwiftExplicitDependencyGeneratePcm arm64_32 /tmp/kakehashi-watch-audit-release-objects/SwiftExplicitPrecompiledModules/sys_types-3NW1M1A3STNM6C93G5GSF3D1U.pcm

SwiftExplicitDependencyGeneratePcm arm64_32 /tmp/kakehashi-watch-audit-release-objects/SwiftExplicitPrecompiledModules/_Builtin_intrinsics-F1GC5ISQW4WF4EW51WXSRF4RG.pcm

SwiftExplicitDependencyGeneratePcm arm64_32 /tmp/kakehashi-watch-audit-release-objects/SwiftExplicitPrecompiledModules/_Builtin_stdatomic-6O53TPDSKITSVVS61QT3KWJEQ.pcm

SwiftExplicitDependencyGeneratePcm arm64_32 /tmp/kakehashi-watch-audit-release-objects/SwiftExplicitPrecompiledModules/_DarwinFoundation3-14UU67I5DOWH7WFXG7V9E5R0.pcm

SwiftExplicitDependencyGeneratePcm arm64_32 /tmp/kakehashi-watch-audit-release-objects/SwiftExplicitPrecompiledModules/_Builtin_inttypes-DDZHHOFZNMMCTLJ5UX86UWNFH.pcm

SwiftExplicitDependencyGeneratePcm arm64_32 /tmp/kakehashi-watch-audit-release-objects/SwiftExplicitPrecompiledModules/Darwin-B7C2NAR68614DOTOBRDMDXY9P.pcm

SwiftExplicitDependencyGeneratePcm arm64_32 /tmp/kakehashi-watch-audit-release-objects/SwiftExplicitPrecompiledModules/simd-52RVMW69CQHMT1CE8NUJCFTDG.pcm

SwiftExplicitDependencyGeneratePcm arm64_32 /tmp/kakehashi-watch-audit-release-objects/SwiftExplicitPrecompiledModules/ObjectiveC-BV7VSB6OFPYBX7ZM4M4SFEA18.pcm

SwiftExplicitDependencyGeneratePcm arm64_32 /tmp/kakehashi-watch-audit-release-objects/SwiftExplicitPrecompiledModules/MachO-9G9CJ6Q2YDCXIKPEBRIYMPJH7.pcm

SwiftExplicitDependencyGeneratePcm arm64_32 /tmp/kakehashi-watch-audit-release-objects/SwiftExplicitPrecompiledModules/os_object-4GOBMN43BVBB2RR0SELYNGEBJ.pcm

SwiftExplicitDependencyGeneratePcm arm64_32 /tmp/kakehashi-watch-audit-release-objects/SwiftExplicitPrecompiledModules/os_workgroup-6SGPAQZDLY72MS5YE6ZHXG5IK.pcm

SwiftExplicitDependencyGeneratePcm arm64_32 /tmp/kakehashi-watch-audit-release-objects/SwiftExplicitPrecompiledModules/Spatial-7ACN6DH8V580BP73RUFR8UEIE.pcm

SwiftExplicitDependencyGeneratePcm arm64_32 /tmp/kakehashi-watch-audit-release-objects/SwiftExplicitPrecompiledModules/os-4MFGHZ572KAFHSFISNHXFN8HB.pcm

SwiftExplicitDependencyGeneratePcm arm64_32 /tmp/kakehashi-watch-audit-release-objects/SwiftExplicitPrecompiledModules/Dispatch-6YNR6Z77AAVJ9E6NKS16AC623.pcm

SwiftExplicitDependencyGeneratePcm arm64_32 /tmp/kakehashi-watch-audit-release-objects/SwiftExplicitPrecompiledModules/CoreFoundation-7MRXB9X9UD195Q8TX8C9HG0YL.pcm

SwiftExplicitDependencyGeneratePcm arm64_32 /tmp/kakehashi-watch-audit-release-objects/SwiftExplicitPrecompiledModules/Security-B7MXNFN3YTA229Y7Z573L030C.pcm

SwiftExplicitDependencyGeneratePcm arm64_32 /tmp/kakehashi-watch-audit-release-objects/SwiftExplicitPrecompiledModules/CoreGraphics-4ZGSMBMRPVEMBUN6OI9GC4IQC.pcm

SwiftExplicitDependencyGeneratePcm arm64_32 /tmp/kakehashi-watch-audit-release-objects/SwiftExplicitPrecompiledModules/Foundation-DENK7VNWU8TU0XXW9QTO9V0HL.pcm

SwiftExplicitDependencyGeneratePcm arm64_32 /tmp/kakehashi-watch-audit-release-objects/SwiftExplicitPrecompiledModules/CoreVideo-9EWRC567PS8UY6FZUZIFG94PI.pcm

SwiftExplicitDependencyGeneratePcm arm64_32 /tmp/kakehashi-watch-audit-release-objects/SwiftExplicitPrecompiledModules/CoreText-83QPEVBTGOUMTT2DOCO46HSIC.pcm

SwiftExplicitDependencyGeneratePcm arm64_32 /tmp/kakehashi-watch-audit-release-objects/SwiftExplicitPrecompiledModules/UserNotifications-7TZ7TGXV73A0R8ZMVNOLALR0V.pcm

SwiftExplicitDependencyGeneratePcm arm64_32 /tmp/kakehashi-watch-audit-release-objects/SwiftExplicitPrecompiledModules/_LocationEssentials-7TF6YIXW24G99Y15ZYXU7VP5O.pcm

SwiftExplicitDependencyGeneratePcm arm64_32 /tmp/kakehashi-watch-audit-release-objects/SwiftExplicitPrecompiledModules/OSLog-CSKVAG9QO62MRFW0ORV86XA69.pcm

SwiftExplicitDependencyGeneratePcm arm64_32 /tmp/kakehashi-watch-audit-release-objects/SwiftExplicitPrecompiledModules/UIUtilities-DS1YSWQ4K9NIRAY3K1VL2GYJE.pcm

SwiftExplicitDependencyGeneratePcm arm64_32 /tmp/kakehashi-watch-audit-release-objects/SwiftExplicitPrecompiledModules/SceneKit-EU40VHMI612BRHJ2F39OE12VN.pcm

SwiftExplicitDependencyGeneratePcm arm64_32 /tmp/kakehashi-watch-audit-release-objects/SwiftExplicitPrecompiledModules/DataDetection-AMG0HDGJWCSOE2YQTY3Y2R765.pcm

SwiftExplicitDependencyGeneratePcm arm64_32 /tmp/kakehashi-watch-audit-release-objects/SwiftExplicitPrecompiledModules/WatchConnectivity-2D4CQAISS4RBNVXO93104J0WO.pcm

SwiftExplicitDependencyGeneratePcm arm64_32 /tmp/kakehashi-watch-audit-release-objects/SwiftExplicitPrecompiledModules/QuartzCore-725DTP12GLRYHVJ68QAY4SQF4.pcm

SwiftExplicitDependencyGeneratePcm arm64_32 /tmp/kakehashi-watch-audit-release-objects/SwiftExplicitPrecompiledModules/Accessibility-6FNKK6PGQM1V4KR6K9NTWMP2V.pcm

SwiftExplicitDependencyGeneratePcm arm64_32 /tmp/kakehashi-watch-audit-release-objects/SwiftExplicitPrecompiledModules/UniformTypeIdentifiers-DZG34M2MIIGZQ7SV1AV7LBJVC.pcm

SwiftExplicitDependencyGeneratePcm arm64_32 /tmp/kakehashi-watch-audit-release-objects/SwiftExplicitPrecompiledModules/CoreData-D4YXQPYQC87N2OJG2CKY1HN0C.pcm

SwiftExplicitDependencyGeneratePcm arm64_32 /tmp/kakehashi-watch-audit-release-objects/SwiftExplicitPrecompiledModules/Symbols-DCH68EYEPA5HTJCOHH3T2VDI3.pcm

SwiftExplicitDependencyGeneratePcm arm64_32 /tmp/kakehashi-watch-audit-release-objects/SwiftExplicitPrecompiledModules/CoreLocation-5MFJ2IQWTSL31PA4E65ZVV0AV.pcm

SwiftExplicitDependencyGeneratePcm arm64_32 /tmp/kakehashi-watch-audit-release-objects/SwiftExplicitPrecompiledModules/CoreTransferable-198035TN7I7K13BOF6UTFQBXC.pcm

SwiftExplicitDependencyGeneratePcm arm64_32 /tmp/kakehashi-watch-audit-release-objects/SwiftExplicitPrecompiledModules/SwiftUICore-4HB2IN8P76C4PPYIISN6T185L.pcm

SwiftExplicitDependencyGeneratePcm arm64_32 /tmp/kakehashi-watch-audit-release-objects/SwiftExplicitPrecompiledModules/UIKit-6928G1UZALATO4BJBWMAF70JD.pcm

SwiftExplicitDependencyGeneratePcm arm64_32 /tmp/kakehashi-watch-audit-release-objects/SwiftExplicitPrecompiledModules/HomeKit-APPLUKL96VTO6R7ZEJXM23DMP.pcm

SwiftExplicitDependencyGeneratePcm arm64_32 /tmp/kakehashi-watch-audit-release-objects/SwiftExplicitPrecompiledModules/MapKit-92XAGU9S5DDBCYXTDJQO529ZZ.pcm

LinkAssetCatalog /tmp/kakehashi-watch-audit-20260909/targets/kakehashi-watch/Assets.xcassets (in target 'Kakehashi Watch' from project 'wanikani')
    cd /tmp/kakehashi-watch-audit-20260909/ios
    builtin-linkAssetCatalog --thinned /tmp/kakehashi-watch-audit-release-objects/wanikani.build/Release-watchos/Kakehashi\ Watch.build/assetcatalog_output/thinned --thinned-dependencies /tmp/kakehashi-watch-audit-release-objects/wanikani.build/Release-watchos/Kakehashi\ Watch.build/assetcatalog_dependencies_thinned --thinned-info-plist-content /tmp/kakehashi-watch-audit-release-objects/wanikani.build/Release-watchos/Kakehashi\ Watch.build/assetcatalog_generated_info.plist_thinned --unthinned /tmp/kakehashi-watch-audit-release-objects/wanikani.build/Release-watchos/Kakehashi\ Watch.build/assetcatalog_output/unthinned --unthinned-dependencies /tmp/kakehashi-watch-audit-release-objects/wanikani.build/Release-watchos/Kakehashi\ Watch.build/assetcatalog_dependencies_unthinned --unthinned-info-plist-content /tmp/kakehashi-watch-audit-release-objects/wanikani.build/Release-watchos/Kakehashi\ Watch.build/assetcatalog_generated_info.plist_unthinned --output /tmp/kakehashi-watch-audit-products/release/Kakehashi\ Watch.app --plist-output /tmp/kakehashi-watch-audit-release-objects/wanikani.build/Release-watchos/Kakehashi\ Watch.build/assetcatalog_generated_info.plist
note: Emplaced /tmp/kakehashi-watch-audit-products/release/Kakehashi Watch.app/Assets.car (in target 'Kakehashi Watch' from project 'wanikani')

ProcessInfoPlistFile /tmp/kakehashi-watch-audit-products/release/Kakehashi\ Watch.app/Info.plist /tmp/kakehashi-watch-audit-20260909/targets/kakehashi-watch/Info.plist (in target 'Kakehashi Watch' from project 'wanikani')
    cd /tmp/kakehashi-watch-audit-20260909/ios
    builtin-infoPlistUtility /tmp/kakehashi-watch-audit-20260909/targets/kakehashi-watch/Info.plist -producttype com.apple.product-type.application -genpkginfo /tmp/kakehashi-watch-audit-products/release/Kakehashi\ Watch.app/PkgInfo -expandbuildsettings -format binary -platform watchos -additionalcontentfile /tmp/kakehashi-watch-audit-release-objects/wanikani.build/Release-watchos/Kakehashi\ Watch.build/assetcatalog_generated_info.plist -o /tmp/kakehashi-watch-audit-products/release/Kakehashi\ Watch.app/Info.plist

SwiftExplicitDependencyGeneratePcm arm64_32 /tmp/kakehashi-watch-audit-release-objects/SwiftExplicitPrecompiledModules/WatchKit-BIVAZD7K7ZUBZ7S9KC7I2SH68.pcm

SwiftExplicitDependencyGeneratePcm arm64_32 /tmp/kakehashi-watch-audit-release-objects/SwiftExplicitPrecompiledModules/SwiftUI-8PTCNZG62VJBB5PS5AZ74TC15.pcm

SwiftCompile normal arm64_32 Compiling\ ContentView.swift,\ KakehashiWatchApp.swift,\ WatchReviewStore.swift,\ GeneratedAssetSymbols.swift /tmp/kakehashi-watch-audit-20260909/targets/kakehashi-watch/ContentView.swift /tmp/kakehashi-watch-audit-20260909/targets/kakehashi-watch/KakehashiWatchApp.swift /tmp/kakehashi-watch-audit-20260909/targets/kakehashi-watch/WatchReviewStore.swift /tmp/kakehashi-watch-audit-release-objects/wanikani.build/Release-watchos/Kakehashi\ Watch.build/DerivedSources/GeneratedAssetSymbols.swift /Applications/Xcode.app/Contents/Developer/Toolchains/XcodeDefault.xctoolchain/usr/lib/swift/watchos/prebuilt-modules/26.2/Combine.swiftmodule/arm64_32-apple-watchos.swiftmodule /Applications/Xcode.app/Contents/Developer/Toolchains/XcodeDefault.xctoolchain/usr/lib/swift/watchos/prebuilt-modules/26.2/os.swiftmodule/arm64_32-apple-watchos.swiftmodule /Applications/Xcode.app/Contents/Developer/Toolchains/XcodeDefault.xctoolchain/usr/lib/swift/watchos/prebuilt-modules/26.2/simd.swiftmodule/arm64_32-apple-watchos.swiftmodule /Applications/Xcode.app/Contents/Developer/Toolchains/XcodeDefault.xctoolchain/usr/lib/swift/watchos/prebuilt-modules/26.2/CoreFoundation.swiftmodule/arm64_32-apple-watchos.swiftmodule /Applications/Xcode.app/Contents/Developer/Toolchains/XcodeDefault.xctoolchain/usr/lib/swift/watchos/prebuilt-modules/26.2/_Builtin_float.swiftmodule/arm64_32-apple-watchos.swiftmodule /Applications/Xcode.app/Contents/Developer/Toolchains/XcodeDefault.xctoolchain/usr/lib/swift/watchos/prebuilt-modules/26.2/_DarwinFoundation1.swiftmodule/arm64_32-apple-watchos.swiftmodule /Applications/Xcode.app/Contents/Developer/Toolchains/XcodeDefault.xctoolchain/usr/lib/swift/watchos/prebuilt-modules/26.2/CoreVideo.swiftmodule/arm64_32-apple-watchos.swiftmodule /Applications/Xcode.app/Contents/Developer/Toolchains/XcodeDefault.xctoolchain/usr/lib/swift/watchos/prebuilt-modules/26.2/Foundation.swiftmodule/arm64_32-apple-watchos.swiftmodule /Applications/Xcode.app/Contents/Developer/Toolchains/XcodeDefault.xctoolchain/usr/lib/swift/watchos/prebuilt-modules/26.2/UniformTypeIdentifiers.swiftmodule/arm64_32-apple-watchos.swiftmodule /Applications/Xcode.app/Contents/Developer/Toolchains/XcodeDefault.xctoolchain/usr/lib/swift/watchos/prebuilt-modules/26.2/_StringProcessing.swiftmodule/arm64_32-apple-watchos.swiftmodule /Applications/Xcode.app/Contents/Developer/Toolchains/XcodeDefault.xctoolchain/usr/lib/swift/watchos/prebuilt-modules/26.2/WatchKit.swiftmodule/arm64_32-apple-watchos.swiftmodule /Applications/Xcode.app/Contents/Developer/Toolchains/XcodeDefault.xctoolchain/usr/lib/swift/watchos/prebuilt-modules/26.2/Accessibility.swiftmodule/arm64_32-apple-watchos.swiftmodule /Applications/Xcode.app/Contents/Developer/Toolchains/XcodeDefault.xctoolchain/usr/lib/swift/watchos/prebuilt-modules/26.2/DataDetection.swiftmodule/arm64_32-apple-watchos.swiftmodule /Applications/Xcode.app/Contents/Developer/Toolchains/XcodeDefault.xctoolchain/usr/lib/swift/watchos/prebuilt-modules/26.2/OSLog.swiftmodule/arm64_32-apple-watchos.swiftmodule /Applications/Xcode.app/Contents/Developer/Toolchains/XcodeDefault.xctoolchain/usr/lib/swift/watchos/prebuilt-modules/26.2/Observation.swiftmodule/arm64_32-apple-watchos.swiftmodule /Applications/Xcode.app/Contents/Developer/Toolchains/XcodeDefault.xctoolchain/usr/lib/swift/watchos/prebuilt-modules/26.2/Swift.swiftmodule/arm64_32-apple-watchos.swiftmodule /Applications/Xcode.app/Contents/Developer/Toolchains/XcodeDefault.xctoolchain/usr/lib/swift/watchos/prebuilt-modules/26.2/DeveloperToolsSupport.swiftmodule/arm64_32-apple-watchos.swiftmodule /Applications/Xcode.app/Contents/Developer/Toolchains/XcodeDefault.xctoolchain/usr/lib/swift/watchos/prebuilt-modules/26.2/SwiftUICore.swiftmodule/arm64_32-apple-watchos.swiftmodule /Applications/Xcode.app/Contents/Developer/Toolchains/XcodeDefault.xctoolchain/usr/lib/swift/watchos/prebuilt-modules/26.2/SceneKit.swiftmodule/arm64_32-apple-watchos.swiftmodule /Applications/Xcode.app/Contents/Developer/Toolchains/XcodeDefault.xctoolchain/usr/lib/swift/watchos/prebuilt-modules/26.2/CoreGraphics.swiftmodule/arm64_32-apple-watchos.swiftmodule /Applications/Xcode.app/Contents/Developer/Toolchains/XcodeDefault.xctoolchain/usr/lib/swift/watchos/prebuilt-modules/26.2/_DarwinFoundation3.swiftmodule/arm64_32-apple-watchos.swiftmodule /Applications/Xcode.app/Contents/Developer/Toolchains/XcodeDefault.xctoolchain/usr/lib/swift/watchos/prebuilt-modules/26.2/SwiftUI.swiftmodule/arm64_32-apple-watchos.swiftmodule /Applications/Xcode.app/Contents/Developer/Toolchains/XcodeDefault.xctoolchain/usr/lib/swift/watchos/prebuilt-modules/26.2/Darwin.swiftmodule/arm64_32-apple-watchos.swiftmodule /Applications/Xcode.app/Contents/Developer/Toolchains/XcodeDefault.xctoolchain/usr/lib/swift/watchos/prebuilt-modules/26.2/CoreLocation.swiftmodule/arm64_32-apple-watchos.swiftmodule /Applications/Xcode.app/Contents/Developer/Toolchains/XcodeDefault.xctoolchain/usr/lib/swift/watchos/prebuilt-modules/26.2/HomeKit.swiftmodule/arm64_32-apple-watchos.swiftmodule /Applications/Xcode.app/Contents/Developer/Toolchains/XcodeDefault.xctoolchain/usr/lib/swift/watchos/prebuilt-modules/26.2/Symbols.swiftmodule/arm64_32-apple-watchos.swiftmodule /Applications/Xcode.app/Contents/Developer/Toolchains/XcodeDefault.xctoolchain/usr/lib/swift/watchos/prebuilt-modules/26.2/_Concurrency.swiftmodule/arm64_32-apple-watchos.swiftmodule /Applications/Xcode.app/Contents/Developer/Toolchains/XcodeDefault.xctoolchain/usr/lib/swift/watchos/prebuilt-modules/26.2/QuartzCore.swiftmodule/arm64_32-apple-watchos.swiftmodule /Applications/Xcode.app/Contents/Developer/Toolchains/XcodeDefault.xctoolchain/usr/lib/swift/watchos/prebuilt-modules/26.2/Dispatch.swiftmodule/arm64_32-apple-watchos.swiftmodule /Applications/Xcode.app/Contents/Developer/Toolchains/XcodeDefault.xctoolchain/usr/lib/swift/watchos/prebuilt-modules/26.2/CoreTransferable.swiftmodule/arm64_32-apple-watchos.swiftmodule /Applications/Xcode.app/Contents/Developer/Toolchains/XcodeDefault.xctoolchain/usr/lib/swift/watchos/prebuilt-modules/26.2/MapKit.swiftmodule/arm64_32-apple-watchos.swiftmodule /Applications/Xcode.app/Contents/Developer/Toolchains/XcodeDefault.xctoolchain/usr/lib/swift/watchos/prebuilt-modules/26.2/_DarwinFoundation2.swiftmodule/arm64_32-apple-watchos.swiftmodule /Applications/Xcode.app/Contents/Developer/Toolchains/XcodeDefault.xctoolchain/usr/lib/swift/watchos/prebuilt-modules/26.2/Spatial.swiftmodule/arm64_32-apple-watchos.swiftmodule /Applications/Xcode.app/Contents/Developer/Toolchains/XcodeDefault.xctoolchain/usr/lib/swift/watchos/prebuilt-modules/26.2/CoreText.swiftmodule/arm64_32-apple-watchos.swiftmodule /Applications/Xcode.app/Contents/Developer/Toolchains/XcodeDefault.xctoolchain/usr/lib/swift/watchos/prebuilt-modules/26.2/CoreData.swiftmodule/arm64_32-apple-watchos.swiftmodule /Applications/Xcode.app/Contents/Developer/Toolchains/XcodeDefault.xctoolchain/usr/lib/swift/watchos/prebuilt-modules/26.2/System.swiftmodule/arm64_32-apple-watchos.swiftmodule /Applications/Xcode.app/Contents/Developer/Toolchains/XcodeDefault.xctoolchain/usr/lib/swift/watchos/prebuilt-modules/26.2/UIKit.swiftmodule/arm64_32-apple-watchos.swiftmodule /Applications/Xcode.app/Contents/Developer/Toolchains/XcodeDefault.xctoolchain/usr/lib/swift/watchos/prebuilt-modules/26.2/GeoToolbox.swiftmodule/arm64_32-apple-watchos.swiftmodule /Applications/Xcode.app/Contents/Developer/Toolchains/XcodeDefault.xctoolchain/usr/lib/swift/watchos/prebuilt-modules/26.2/ObjectiveC.swiftmodule/arm64_32-apple-watchos.swiftmodule /tmp/kakehashi-watch-audit-release-objects/SwiftExplicitPrecompiledModules/CoreLocation-5MFJ2IQWTSL31PA4E65ZVV0AV.pcm /tmp/kakehashi-watch-audit-release-objects/SwiftExplicitPrecompiledModules/ObjectiveC-BV7VSB6OFPYBX7ZM4M4SFEA18.pcm /tmp/kakehashi-watch-audit-release-objects/SwiftExplicitPrecompiledModules/UIKit-6928G1UZALATO4BJBWMAF70JD.pcm /tmp/kakehashi-watch-audit-release-objects/SwiftExplicitPrecompiledModules/Darwin-B7C2NAR68614DOTOBRDMDXY9P.pcm /tmp/kakehashi-watch-audit-release-objects/SwiftExplicitPrecompiledModules/OSLog-CSKVAG9QO62MRFW0ORV86XA69.pcm /tmp/kakehashi-watch-audit-release-objects/SwiftExplicitPrecompiledModules/UniformTypeIdentifiers-DZG34M2MIIGZQ7SV1AV7LBJVC.pcm /tmp/kakehashi-watch-audit-release-objects/SwiftExplicitPrecompiledModules/CoreGraphics-4ZGSMBMRPVEMBUN6OI9GC4IQC.pcm /tmp/kakehashi-watch-audit-release-objects/SwiftExplicitPrecompiledModules/Foundation-DENK7VNWU8TU0XXW9QTO9V0HL.pcm /tmp/kakehashi-watch-audit-release-objects/SwiftExplicitPrecompiledModules/HomeKit-APPLUKL96VTO6R7ZEJXM23DMP.pcm /tmp/kakehashi-watch-audit-release-objects/SwiftExplicitPrecompiledModules/ptrcheck-5S60UBC45XPNSY96ENSZFEBKD.pcm /tmp/kakehashi-watch-audit-release-objects/SwiftExplicitPrecompiledModules/_Builtin_tgmath-9NLPOYDWTOLPD3RIL2V4A72MA.pcm /tmp/kakehashi-watch-audit-release-objects/SwiftExplicitPrecompiledModules/_SwiftConcurrencyShims-U1O6C06KGWU96U048SUOCDW1.pcm /tmp/kakehashi-watch-audit-release-objects/SwiftExplicitPrecompiledModules/_Builtin_inttypes-DDZHHOFZNMMCTLJ5UX86UWNFH.pcm /tmp/kakehashi-watch-audit-release-objects/SwiftExplicitPrecompiledModules/CoreText-83QPEVBTGOUMTT2DOCO46HSIC.pcm /tmp/kakehashi-watch-audit-release-objects/SwiftExplicitPrecompiledModules/DeveloperToolsSupport-Q2AMCNJOGEL577WY1COT6ZPH.pcm /tmp/kakehashi-watch-audit-release-objects/SwiftExplicitPrecompiledModules/_DarwinFoundation1-99KNB4VMF4TMBCQVUE46YHYEH.pcm /tmp/kakehashi-watch-audit-release-objects/SwiftExplicitPrecompiledModules/MachO-9G9CJ6Q2YDCXIKPEBRIYMPJH7.pcm /tmp/kakehashi-watch-audit-release-objects/SwiftExplicitPrecompiledModules/_Builtin_stdint-D28ME83V8FPTXOOT7ZNESA7CV.pcm /tmp/kakehashi-watch-audit-release-objects/SwiftExplicitPrecompiledModules/_Builtin_stdbool-YDYZLK8FU8H55MTP5DNT4049.pcm /tmp/kakehashi-watch-audit-release-objects/SwiftExplicitPrecompiledModules/WatchConnectivity-2D4CQAISS4RBNVXO93104J0WO.pcm /tmp/kakehashi-watch-audit-release-objects/SwiftExplicitPrecompiledModules/Spatial-7ACN6DH8V580BP73RUFR8UEIE.pcm /tmp/kakehashi-watch-audit-release-objects/SwiftExplicitPrecompiledModules/DataDetection-AMG0HDGJWCSOE2YQTY3Y2R765.pcm /tmp/kakehashi-watch-audit-release-objects/SwiftExplicitPrecompiledModules/CoreData-D4YXQPYQC87N2OJG2CKY1HN0C.pcm /tmp/kakehashi-watch-audit-release-objects/SwiftExplicitPrecompiledModules/CoreTransferable-198035TN7I7K13BOF6UTFQBXC.pcm /tmp/kakehashi-watch-audit-release-objects/SwiftExplicitPrecompiledModules/os-4MFGHZ572KAFHSFISNHXFN8HB.pcm /tmp/kakehashi-watch-audit-release-objects/SwiftExplicitPrecompiledModules/Security-B7MXNFN3YTA229Y7Z573L030C.pcm /tmp/kakehashi-watch-audit-release-objects/SwiftExplicitPrecompiledModules/_Builtin_stdarg-6DDUKF265QQ7A3KSGWVY69AER.pcm /tmp/kakehashi-watch-audit-release-objects/SwiftExplicitPrecompiledModules/Accessibility-6FNKK6PGQM1V4KR6K9NTWMP2V.pcm /tmp/kakehashi-watch-audit-release-objects/SwiftExplicitPrecompiledModules/SwiftShims-256WWKSP7KD4GRLI57HND2TXM.pcm /tmp/kakehashi-watch-audit-release-objects/SwiftExplicitPrecompiledModules/ptrauth-4K522UKIVF7TG7BM37OJW16SY.pcm /tmp/kakehashi-watch-audit-release-objects/SwiftExplicitPrecompiledModules/SwiftUICore-4HB2IN8P76C4PPYIISN6T185L.pcm /tmp/kakehashi-watch-audit-release-objects/SwiftExplicitPrecompiledModules/UserNotifications-7TZ7TGXV73A0R8ZMVNOLALR0V.pcm /tmp/kakehashi-watch-audit-release-objects/SwiftExplicitPrecompiledModules/_Builtin_limits-BQURFT9JYJ0FBO4CMYMLD3XX8.pcm /tmp/kakehashi-watch-audit-release-objects/SwiftExplicitPrecompiledModules/simd-52RVMW69CQHMT1CE8NUJCFTDG.pcm /tmp/kakehashi-watch-audit-release-objects/SwiftExplicitPrecompiledModules/UIUtilities-DS1YSWQ4K9NIRAY3K1VL2GYJE.pcm /tmp/kakehashi-watch-audit-release-objects/SwiftExplicitPrecompiledModules/Dispatch-6YNR6Z77AAVJ9E6NKS16AC623.pcm /tmp/kakehashi-watch-audit-release-objects/SwiftExplicitPrecompiledModules/sys_types-3NW1M1A3STNM6C93G5GSF3D1U.pcm /tmp/kakehashi-watch-audit-release-objects/SwiftExplicitPrecompiledModules/_Builtin_stddef-2I2PBUX2XZZZZWOZ0PHFWY17I.pcm /tmp/kakehashi-watch-audit-release-objects/SwiftExplicitPrecompiledModules/_Builtin_stdatomic-6O53TPDSKITSVVS61QT3KWJEQ.pcm /tmp/kakehashi-watch-audit-release-objects/SwiftExplicitPrecompiledModules/_Builtin_float-EG0T3ORJS4EK5A6Y62SPORYEV.pcm /tmp/kakehashi-watch-audit-release-objects/SwiftExplicitPrecompiledModules/Symbols-DCH68EYEPA5HTJCOHH3T2VDI3.pcm /tmp/kakehashi-watch-audit-release-objects/SwiftExplicitPrecompiledModules/QuartzCore-725DTP12GLRYHVJ68QAY4SQF4.pcm /tmp/kakehashi-watch-audit-release-objects/SwiftExplicitPrecompiledModules/CoreFoundation-7MRXB9X9UD195Q8TX8C9HG0YL.pcm /tmp/kakehashi-watch-audit-release-objects/SwiftExplicitPrecompiledModules/WatchKit-BIVAZD7K7ZUBZ7S9KC7I2SH68.pcm /tmp/kakehashi-watch-audit-release-objects/SwiftExplicitPrecompiledModules/os_workgroup-6SGPAQZDLY72MS5YE6ZHXG5IK.pcm /tmp/kakehashi-watch-audit-release-objects/SwiftExplicitPrecompiledModules/MapKit-92XAGU9S5DDBCYXTDJQO529ZZ.pcm /tmp/kakehashi-watch-audit-release-objects/SwiftExplicitPrecompiledModules/_DarwinFoundation3-14UU67I5DOWH7WFXG7V9E5R0.pcm /tmp/kakehashi-watch-audit-release-objects/SwiftExplicitPrecompiledModules/SwiftUI-8PTCNZG62VJBB5PS5AZ74TC15.pcm /tmp/kakehashi-watch-audit-release-objects/SwiftExplicitPrecompiledModules/_LocationEssentials-7TF6YIXW24G99Y15ZYXU7VP5O.pcm /tmp/kakehashi-watch-audit-release-objects/SwiftExplicitPrecompiledModules/_DarwinFoundation2-AD86WTFMZJZSXZ7OOJYH0BWDR.pcm /tmp/kakehashi-watch-audit-release-objects/SwiftExplicitPrecompiledModules/CoreVideo-9EWRC567PS8UY6FZUZIFG94PI.pcm /tmp/kakehashi-watch-audit-release-objects/SwiftExplicitPrecompiledModules/SceneKit-EU40VHMI612BRHJ2F39OE12VN.pcm /tmp/kakehashi-watch-audit-release-objects/SwiftExplicitPrecompiledModules/_Builtin_intrinsics-F1GC5ISQW4WF4EW51WXSRF4RG.pcm /tmp/kakehashi-watch-audit-release-objects/SwiftExplicitPrecompiledModules/_AvailabilityInternal-7WWO4OSO5FXBKDJAIDWQ6R9YY.pcm /tmp/kakehashi-watch-audit-release-objects/SwiftExplicitPrecompiledModules/os_object-4GOBMN43BVBB2RR0SELYNGEBJ.pcm /tmp/kakehashi-watch-audit-release-objects/wanikani.build/Release-watchos/Kakehashi\ Watch.build/Objects-normal/arm64_32/Kakehashi_Watch-dependencies-1.json (in target 'Kakehashi Watch' from project 'wanikani')

CompileSwift normal arm64_32 (in target 'Kakehashi Watch' from project 'wanikani')
    cd /tmp/kakehashi-watch-audit-20260909/ios
    

SwiftDriverJobDiscovery normal arm64_32 Compiling ContentView.swift, KakehashiWatchApp.swift, WatchReviewStore.swift, GeneratedAssetSymbols.swift (in target 'Kakehashi Watch' from project 'wanikani')

SwiftDriver\ Compilation\ Requirements Kakehashi\ Watch normal arm64_32 com.apple.xcode.tools.swift.compiler (in target 'Kakehashi Watch' from project 'wanikani')
    cd /tmp/kakehashi-watch-audit-20260909/ios
    builtin-Swift-Compilation-Requirements -- /Applications/Xcode.app/Contents/Developer/Toolchains/XcodeDefault.xctoolchain/usr/bin/swiftc -module-name Kakehashi_Watch -O -whole-module-optimization -enforce-exclusivity\=checked @/tmp/kakehashi-watch-audit-release-objects/wanikani.build/Release-watchos/Kakehashi\ Watch.build/Objects-normal/arm64_32/Kakehashi\ Watch.SwiftFileList -D EXPO_CONFIGURATION_RELEASE -enable-bare-slash-regex -enable-experimental-feature DebugDescriptionMacro -sdk /Applications/Xcode.app/Contents/Developer/Platforms/WatchOS.platform/Developer/SDKs/WatchOS26.2.sdk -target arm64_32-apple-watchos10.0 -g -Xfrontend -serialize-debugging-options -swift-version 5 -I /tmp/kakehashi-watch-audit-products/release -F /tmp/kakehashi-watch-audit-products/release -emit-localized-strings -emit-localized-strings-path /tmp/kakehashi-watch-audit-release-objects/wanikani.build/Release-watchos/Kakehashi\ Watch.build/Objects-normal/arm64_32 -c -num-threads 11 -Xcc -ivfsstatcache -Xcc /var/folders/7r/rt1k66h94s50640q2ykc0vyw0000gn/C/com.apple.DeveloperTools/26.3-17C529/Xcode/SDKStatCaches.noindex/watchos26.2-23S303-1abbb35d52aede1f27e3564e4e5a82d7.sdkstatcache -output-file-map /tmp/kakehashi-watch-audit-release-objects/wanikani.build/Release-watchos/Kakehashi\ Watch.build/Objects-normal/arm64_32/Kakehashi\ Watch-OutputFileMap.json -use-frontend-parseable-output -save-temps -no-color-diagnostics -explicit-module-build -module-cache-path /tmp/kakehashi-watch-audit-release-objects/SwiftExplicitPrecompiledModules -serialize-diagnostics -emit-dependencies -emit-module -emit-module-path /tmp/kakehashi-watch-audit-release-objects/wanikani.build/Release-watchos/Kakehashi\ Watch.build/Objects-normal/arm64_32/Kakehashi_Watch.swiftmodule -validate-clang-modules-once -clang-build-session-file /var/folders/7r/rt1k66h94s50640q2ykc0vyw0000gn/C/org.llvm.clang/ModuleCache.noindex/Session.modulevalidation -Xcc -I/tmp/kakehashi-watch-audit-release-objects/wanikani.build/Release-watchos/Kakehashi\ Watch.build/swift-overrides.hmap -emit-const-values -Xfrontend -const-gather-protocols-file -Xfrontend /tmp/kakehashi-watch-audit-release-objects/wanikani.build/Release-watchos/Kakehashi\ Watch.build/Objects-normal/arm64_32/Kakehashi\ Watch_const_extract_protocols.json -Xcc -iquote -Xcc /tmp/kakehashi-watch-audit-release-objects/wanikani.build/Release-watchos/Kakehashi\ Watch.build/Kakehashi\ Watch-generated-files.hmap -Xcc -I/tmp/kakehashi-watch-audit-release-objects/wanikani.build/Release-watchos/Kakehashi\ Watch.build/Kakehashi\ Watch-own-target-headers.hmap -Xcc -I/tmp/kakehashi-watch-audit-release-objects/wanikani.build/Release-watchos/Kakehashi\ Watch.build/Kakehashi\ Watch-all-target-headers.hmap -Xcc -iquote -Xcc /tmp/kakehashi-watch-audit-release-objects/wanikani.build/Release-watchos/Kakehashi\ Watch.build/Kakehashi\ Watch-project-headers.hmap -Xcc -I/tmp/kakehashi-watch-audit-products/release/include -Xcc -I/tmp/kakehashi-watch-audit-release-objects/wanikani.build/Release-watchos/Kakehashi\ Watch.build/DerivedSources-normal/arm64_32 -Xcc -I/tmp/kakehashi-watch-audit-release-objects/wanikani.build/Release-watchos/Kakehashi\ Watch.build/DerivedSources/arm64_32 -Xcc -I/tmp/kakehashi-watch-audit-release-objects/wanikani.build/Release-watchos/Kakehashi\ Watch.build/DerivedSources -emit-objc-header -emit-objc-header-path /tmp/kakehashi-watch-audit-release-objects/wanikani.build/Release-watchos/Kakehashi\ Watch.build/Objects-normal/arm64_32/Kakehashi_Watch-Swift.h -working-directory /tmp/kakehashi-watch-audit-20260909/ios -no-emit-module-separately-wmo

SwiftMergeGeneratedHeaders /tmp/kakehashi-watch-audit-release-objects/wanikani.build/Release-watchos/Kakehashi\ Watch.build/DerivedSources/Kakehashi_Watch-Swift.h /tmp/kakehashi-watch-audit-release-objects/wanikani.build/Release-watchos/Kakehashi\ Watch.build/Objects-normal/arm64_32/Kakehashi_Watch-Swift.h (in target 'Kakehashi Watch' from project 'wanikani')
    cd /tmp/kakehashi-watch-audit-20260909/ios
    builtin-swiftHeaderTool -arch arm64_32 /tmp/kakehashi-watch-audit-release-objects/wanikani.build/Release-watchos/Kakehashi\ Watch.build/Objects-normal/arm64_32/Kakehashi_Watch-Swift.h -o /tmp/kakehashi-watch-audit-release-objects/wanikani.build/Release-watchos/Kakehashi\ Watch.build/DerivedSources/Kakehashi_Watch-Swift.h

Copy /tmp/kakehashi-watch-audit-products/release/Kakehashi_Watch.swiftmodule/arm64_32-apple-watchos.swiftmodule /tmp/kakehashi-watch-audit-release-objects/wanikani.build/Release-watchos/Kakehashi\ Watch.build/Objects-normal/arm64_32/Kakehashi_Watch.swiftmodule (in target 'Kakehashi Watch' from project 'wanikani')
    cd /tmp/kakehashi-watch-audit-20260909/ios
    builtin-copy -exclude .DS_Store -exclude CVS -exclude .svn -exclude .git -exclude .hg -resolve-src-symlinks -rename /tmp/kakehashi-watch-audit-release-objects/wanikani.build/Release-watchos/Kakehashi\ Watch.build/Objects-normal/arm64_32/Kakehashi_Watch.swiftmodule /tmp/kakehashi-watch-audit-products/release/Kakehashi_Watch.swiftmodule/arm64_32-apple-watchos.swiftmodule

Copy /tmp/kakehashi-watch-audit-products/release/Kakehashi_Watch.swiftmodule/arm64_32-apple-watchos.abi.json /tmp/kakehashi-watch-audit-release-objects/wanikani.build/Release-watchos/Kakehashi\ Watch.build/Objects-normal/arm64_32/Kakehashi_Watch.abi.json (in target 'Kakehashi Watch' from project 'wanikani')
    cd /tmp/kakehashi-watch-audit-20260909/ios
    builtin-copy -exclude .DS_Store -exclude CVS -exclude .svn -exclude .git -exclude .hg -resolve-src-symlinks -rename /tmp/kakehashi-watch-audit-release-objects/wanikani.build/Release-watchos/Kakehashi\ Watch.build/Objects-normal/arm64_32/Kakehashi_Watch.abi.json /tmp/kakehashi-watch-audit-products/release/Kakehashi_Watch.swiftmodule/arm64_32-apple-watchos.abi.json

Copy /tmp/kakehashi-watch-audit-products/release/Kakehashi_Watch.swiftmodule/arm64_32-apple-watchos.swiftdoc /tmp/kakehashi-watch-audit-release-objects/wanikani.build/Release-watchos/Kakehashi\ Watch.build/Objects-normal/arm64_32/Kakehashi_Watch.swiftdoc (in target 'Kakehashi Watch' from project 'wanikani')
    cd /tmp/kakehashi-watch-audit-20260909/ios
    builtin-copy -exclude .DS_Store -exclude CVS -exclude .svn -exclude .git -exclude .hg -resolve-src-symlinks -rename /tmp/kakehashi-watch-audit-release-objects/wanikani.build/Release-watchos/Kakehashi\ Watch.build/Objects-normal/arm64_32/Kakehashi_Watch.swiftdoc /tmp/kakehashi-watch-audit-products/release/Kakehashi_Watch.swiftmodule/arm64_32-apple-watchos.swiftdoc

Copy /tmp/kakehashi-watch-audit-products/release/Kakehashi_Watch.swiftmodule/Project/arm64_32-apple-watchos.swiftsourceinfo /tmp/kakehashi-watch-audit-release-objects/wanikani.build/Release-watchos/Kakehashi\ Watch.build/Objects-normal/arm64_32/Kakehashi_Watch.swiftsourceinfo (in target 'Kakehashi Watch' from project 'wanikani')
    cd /tmp/kakehashi-watch-audit-20260909/ios
    builtin-copy -exclude .DS_Store -exclude CVS -exclude .svn -exclude .git -exclude .hg -resolve-src-symlinks -rename /tmp/kakehashi-watch-audit-release-objects/wanikani.build/Release-watchos/Kakehashi\ Watch.build/Objects-normal/arm64_32/Kakehashi_Watch.swiftsourceinfo /tmp/kakehashi-watch-audit-products/release/Kakehashi_Watch.swiftmodule/Project/arm64_32-apple-watchos.swiftsourceinfo

Ld /tmp/kakehashi-watch-audit-products/release/Kakehashi\ Watch.app/Kakehashi\ Watch normal (in target 'Kakehashi Watch' from project 'wanikani')
    cd /tmp/kakehashi-watch-audit-20260909/ios
    /Applications/Xcode.app/Contents/Developer/Toolchains/XcodeDefault.xctoolchain/usr/bin/clang -Xlinker -reproducible -target arm64_32-apple-watchos10.0 -isysroot /Applications/Xcode.app/Contents/Developer/Platforms/WatchOS.platform/Developer/SDKs/WatchOS26.2.sdk -Os -L/tmp/kakehashi-watch-audit-release-objects/EagerLinkingTBDs/Release-watchos -L/tmp/kakehashi-watch-audit-products/release -L/Applications/Xcode.app/Contents/Developer/Platforms/WatchOS.platform/Developer/SDKs/WatchOS26.2.sdk/usr/lib/swift -F/tmp/kakehashi-watch-audit-release-objects/EagerLinkingTBDs/Release-watchos -F/tmp/kakehashi-watch-audit-products/release -filelist /tmp/kakehashi-watch-audit-release-objects/wanikani.build/Release-watchos/Kakehashi\ Watch.build/Objects-normal/arm64_32/Kakehashi\ Watch.LinkFileList -Xlinker -rpath -Xlinker /usr/lib/swift -Xlinker -rpath -Xlinker @executable_path/Frameworks -dead_strip -Xlinker -object_path_lto -Xlinker /tmp/kakehashi-watch-audit-release-objects/wanikani.build/Release-watchos/Kakehashi\ Watch.build/Objects-normal/arm64_32/Kakehashi\ Watch_lto.o -Xlinker -dependency_info -Xlinker /tmp/kakehashi-watch-audit-release-objects/wanikani.build/Release-watchos/Kakehashi\ Watch.build/Objects-normal/arm64_32/Kakehashi\ Watch_dependency_info.dat -fobjc-link-runtime -L/Applications/Xcode.app/Contents/Developer/Toolchains/XcodeDefault.xctoolchain/usr/lib/swift/watchos -L/usr/lib/swift -Xlinker -add_ast_path -Xlinker /tmp/kakehashi-watch-audit-release-objects/wanikani.build/Release-watchos/Kakehashi\ Watch.build/Objects-normal/arm64_32/Kakehashi_Watch.swiftmodule @/tmp/kakehashi-watch-audit-release-objects/wanikani.build/Release-watchos/Kakehashi\ Watch.build/Objects-normal/arm64_32/Kakehashi_Watch-linker-args.resp -framework SwiftUI -framework WatchConnectivity -o /tmp/kakehashi-watch-audit-products/release/Kakehashi\ Watch.app/Kakehashi\ Watch

CopySwiftLibs /tmp/kakehashi-watch-audit-products/release/Kakehashi\ Watch.app (in target 'Kakehashi Watch' from project 'wanikani')
    cd /tmp/kakehashi-watch-audit-20260909/ios
    builtin-swiftStdLibTool --copy --verbose --scan-executable /tmp/kakehashi-watch-audit-products/release/Kakehashi\ Watch.app/Kakehashi\ Watch --scan-folder /tmp/kakehashi-watch-audit-products/release/Kakehashi\ Watch.app/Frameworks --scan-folder /tmp/kakehashi-watch-audit-products/release/Kakehashi\ Watch.app/PlugIns --scan-folder /tmp/kakehashi-watch-audit-products/release/Kakehashi\ Watch.app/SystemExtensions --scan-folder /tmp/kakehashi-watch-audit-products/release/Kakehashi\ Watch.app/Extensions --scan-folder /Applications/Xcode.app/Contents/Developer/Platforms/WatchOS.platform/Developer/SDKs/WatchOS26.2.sdk/System/Library/Frameworks/SwiftUI.framework --scan-folder /Applications/Xcode.app/Contents/Developer/Platforms/WatchOS.platform/Developer/SDKs/WatchOS26.2.sdk/System/Library/Frameworks/WatchConnectivity.framework --platform watchos --toolchain /Applications/Xcode.app/Contents/Developer/Toolchains/XcodeDefault.xctoolchain --destination /tmp/kakehashi-watch-audit-products/release/Kakehashi\ Watch.app/Frameworks --strip-bitcode --strip-bitcode-tool /Applications/Xcode.app/Contents/Developer/Toolchains/XcodeDefault.xctoolchain/usr/bin/bitcode_strip --emit-dependency-info /tmp/kakehashi-watch-audit-release-objects/wanikani.build/Release-watchos/Kakehashi\ Watch.build/SwiftStdLibToolInputDependencies.dep --filter-for-swift-os --back-deploy-swift-span
Ignoring --strip-bitcode because --sign was not passed

ExtractAppIntentsMetadata (in target 'Kakehashi Watch' from project 'wanikani')
    cd /tmp/kakehashi-watch-audit-20260909/ios
    /Applications/Xcode.app/Contents/Developer/Toolchains/XcodeDefault.xctoolchain/usr/bin/appintentsmetadataprocessor --toolchain-dir /Applications/Xcode.app/Contents/Developer/Toolchains/XcodeDefault.xctoolchain --module-name Kakehashi_Watch --sdk-root /Applications/Xcode.app/Contents/Developer/Platforms/WatchOS.platform/Developer/SDKs/WatchOS26.2.sdk --xcode-version 17C529 --platform-family watchOS --deployment-target 10.0 --bundle-identifier com.portego00.kakehashi.watch --output /tmp/kakehashi-watch-audit-products/release/Kakehashi\ Watch.app --target-triple arm64_32-apple-watchos10.0 --binary-file /tmp/kakehashi-watch-audit-products/release/Kakehashi\ Watch.app/Kakehashi\ Watch --dependency-file /tmp/kakehashi-watch-audit-release-objects/wanikani.build/Release-watchos/Kakehashi\ Watch.build/Objects-normal/arm64_32/Kakehashi\ Watch_dependency_info.dat --stringsdata-file /tmp/kakehashi-watch-audit-release-objects/wanikani.build/Release-watchos/Kakehashi\ Watch.build/Objects-normal/arm64_32/ExtractedAppShortcutsMetadata.stringsdata --source-file-list /tmp/kakehashi-watch-audit-release-objects/wanikani.build/Release-watchos/Kakehashi\ Watch.build/Objects-normal/arm64_32/Kakehashi\ Watch.SwiftFileList --metadata-file-list /tmp/kakehashi-watch-audit-release-objects/wanikani.build/Release-watchos/Kakehashi\ Watch.build/Kakehashi\ Watch.DependencyMetadataFileList --static-metadata-file-list /tmp/kakehashi-watch-audit-release-objects/wanikani.build/Release-watchos/Kakehashi\ Watch.build/Kakehashi\ Watch.DependencyStaticMetadataFileList --swift-const-vals-list /tmp/kakehashi-watch-audit-release-objects/wanikani.build/Release-watchos/Kakehashi\ Watch.build/Objects-normal/arm64_32/Kakehashi\ Watch.SwiftConstValuesFileList --compile-time-extraction --deployment-aware-processing --validate-assistant-intents --no-app-shortcuts-localization
2026-09-09 13:01:12.094 appintentsmetadataprocessor[70145:11706338] Starting appintentsmetadataprocessor export
2026-09-09 13:01:12.095 appintentsmetadataprocessor[70145:11706338] warning: Metadata extraction skipped. No AppIntents.framework dependency found.

GenerateDSYMFile /tmp/kakehashi-watch-audit-products/release/Kakehashi\ Watch.app.dSYM /tmp/kakehashi-watch-audit-products/release/Kakehashi\ Watch.app/Kakehashi\ Watch (in target 'Kakehashi Watch' from project 'wanikani')
    cd /tmp/kakehashi-watch-audit-20260909/ios
    /Applications/Xcode.app/Contents/Developer/Toolchains/XcodeDefault.xctoolchain/usr/bin/dsymutil /tmp/kakehashi-watch-audit-products/release/Kakehashi\ Watch.app/Kakehashi\ Watch -o /tmp/kakehashi-watch-audit-products/release/Kakehashi\ Watch.app.dSYM

RegisterExecutionPolicyException /tmp/kakehashi-watch-audit-products/release/Kakehashi\ Watch.app (in target 'Kakehashi Watch' from project 'wanikani')
    cd /tmp/kakehashi-watch-audit-20260909/ios
    builtin-RegisterExecutionPolicyException /tmp/kakehashi-watch-audit-products/release/Kakehashi\ Watch.app

Validate /tmp/kakehashi-watch-audit-products/release/Kakehashi\ Watch.app (in target 'Kakehashi Watch' from project 'wanikani')
    cd /tmp/kakehashi-watch-audit-20260909/ios
    builtin-validationUtility /tmp/kakehashi-watch-audit-products/release/Kakehashi\ Watch.app -validate-for-store -shallow-bundle -infoplist-subpath Info.plist

Touch /tmp/kakehashi-watch-audit-products/release/Kakehashi\ Watch.app (in target 'Kakehashi Watch' from project 'wanikani')
    cd /tmp/kakehashi-watch-audit-20260909/ios
    /usr/bin/touch -c /tmp/kakehashi-watch-audit-products/release/Kakehashi\ Watch.app

** BUILD SUCCEEDED **

